       ┌─────┐       
|0>────┤ ez  ├────<0|
       └──┬──┘       
       ┌──┴──┐       
|0>────┤ ey  ├────<0|
       └──┬──┘       
       ┌──┴──┐       
|0>────┤ ex  ├────<0|
       └─────┘       
