       ┌─────┐              ┌─────┐                     ┌─────┐       ┌─────┐┌─────┐       ┌─────┐                                          ┌─────┐
|0>────┤  H  ├──────────●───┤  X  ├───●─────────────╳───┤  Ƨ  ├───●───┤ Rx  ├┤ ex  ├───╳───┤ Mz  ├─────────────────●────────────────────────┤ Ry  ├────<0|
       └─────┘          │   └──┬──┘   │             │   └─────┘   │   └─────┘└──┬──┘   │   └──╥──┘                 │                        └──╥──┘       
              ┌─────┐┌──┴──┐   │      │             │          ┌──┴──┐       ┌──┴──┐   │      ║   ┌─────┐          │   ┌─────┐┌─────┐┌─────┐   ║          
|0>───────────┤  H  ├┤  X  ├───●──────●─────────────╳──────────┤  T  ├───────┤ ex  ├───●──────╫───┤  ┴  ├──────────●───┤  ┴  ├┤ Ry  ├┤ Mx  ├───╫───────<0|
              └─────┘└─────┘          │                        └─────┘       └──┬──┘   │      ║   └──╥──┘          │   └─────┘└─────┘└──┬──┘   ║          
                                      │                                      ┌──┴──┐   │      ║      ║             │                 ┌──┴──┐   ║          
|0>───────────────────────────────────┼──────────────────────────────────────┤ ey  ├───╳──────╫──────╫─────────────┼─────────────────┤ My  ├───╫───────<0|
                                      │                                      └─────┘          ║      ║             │                 └──╥──┘   ║   
                                   ┌──┴──┐                                                    ║      ║          ┌──┴──┐                 ║      ║   
                            |0>────┤  Z  ├────<0|                                             ║      ║   |0>────┤  Z  ├────<0|          ║      ║   
                                   └─────┘                                                    ║      ║          └─────┘                 ║      ║   
                                                                                              ║      ║                                  ║      ║   
                                                                                              ╚══════●══════════════════════════════════╬══════╬═══
                                                                                                                                        ║      ║   
                                                                                                                                        ║      ║   
                                                                                                                                        ╚══════○═══