       ┌─────┐       
|0>────┤ Mz  ├────<0|
       └──╥──┘       
          ║          
          ╚═══       
