       ┌─────┐       
|0>────┤ Mx  ├────<0|
       └──┬──┘       
       ┌──┴──┐       
|0>────┤ My  ├────<0|
       └──┬──┘       
       ┌──┴──┐       
|0>────┤ Mz  ├────<0|
       └──╥──┘       
          ║          
          ╚═══       
