       ┌─────┐       
|0>────┤ Ry  ├────<0|
       └─────┘       
