                            ┌─────┐┌─────┐                            
|0>─────────────────────●───┤  H  ├┤ Mz  ├─────────────────────────<0|
                        │   └─────┘└──╥──┘                            
              ┌─────┐   │             ║          ┌─────┐┌─────┐       
|0>───────────┤  X  ├───┼─────────────╫──────────┤  Z  ├┤  X  ├────<0|
              └──┬──┘   │             ║          └──╥──┘└──╥──┘       
       ┌─────┐   │   ┌──┴──┐          ║   ┌─────┐   ║      ║          
|0>────┤  H  ├───●───┤  X  ├──────────╫───┤ Mz  ├───╫──────╫───────<0|
       └─────┘       └─────┘          ║   └──╥──┘   ║      ║          
                                      ║      ║      ║      ║   
                                      ╚══════╬══════●══════╬═══
                                             ║             ║   
                                             ║             ║   
                                             ╚═════════════●═══
                                                               
