TODO: VERIFY
WIREPAD 10
q1 q3 SWAP q0 q2 
q0 OUT 0
q1 OUT 0
q2 OUT 0
q3 OUT 0
