TODO: VERIFY
WIREPAD 10
q0 q2 +q1 
q0 OUT 0
q1 OUT 0
q2 OUT 0
