TODO: VERIFY
WIREPAD 10
q0 q1 SWAP 
q0 OUT 0
q1 OUT 0
