TODO: VERIFY
WIREPAD 10
q0 G Z width=12 height=10 
q0 OUT 0
